59846
59848
59849
59870
59871
59873
59874
59905
59907
59908
59909
60103
60151
60170
60173
60187
60195
60210
60231
60832
60877
60922
60933
60960
60996
61004
61007
61012
61032
61040
61062
61110
61118
61129
61132
61141
61156
61178
61198
61209
61212
61221
61243
61253
61264
61316
61333
61383
61398
61401
61407
61409
61429
61432
61434
61435
61493
61516
61539
61546
61551
61567
61569
62116
62127
62374
62375
62405
