InternationalBureaucracies
192026707383028306E+05Thanks
tweedeuniversiteitssterrenwacht
RadiosterrenwachtWesterbork
^^^^^^^^^^^^^^^^^^^^^^^^^^^^^^Wow
unimpressivelyimplemented
DevelopmentEffortsDecember
internationalrelationship
reestablishcommunications
participatingorganizations
^^^^^^^^^^^^^^^^^^^^^Just
representingapproximately
distinguishingcharacteristics
advertisementsOrganization
summmmmmmmmmmertimmmmmmmmmme
